482 ok
631 ok
660 ok
685 ok
840 cached
1466 cached
1506 cached
1589 ok
1708 ok
1723 ok
1725 cached
1802 ok
2038 cached
2115 ok
2301 ok
2531 ok
2734 ok
2735 cached
2976 ok
3084 ok
3273 cached
3346 ok
3354 ok
3406 cached
3579 ok
3714 ok
3915 ok
3951 ok
4019 FAIL
4117 ok
4230 ok
4435 FAIL
4514 ok
4522 ok
4748 ok
4837 FAIL
5065 ok
5105 ok
5216 ok
5298 ok
5307 ok
5348 ok
5468 ok
5529 ok
5707 ok
5708 ok
5759 ok
5768 ok
5778 ok
5813 ok
6013 ok
6128 ok
6278 ok
6626 ok
7184 ok
7213 ok
7243 ok
7250 ok
7902 ok
7906 ok
8053 ok
